// Jest Snapshot v1, https://goo.gl/fbAQLP

exports[`YourFans actions should call get home data 1`] = `
Array [
  Object {
    "request": Object {},
    "type": "GET_HOME_PAGE_REQUEST",
  },
  Object {
    "request": Object {},
    "response": Object {
      "data": Array [],
    },
    "type": "GET_HOME_PAGE_SUCCESS",
  },
]
`;
