// Jest Snapshot v1, https://goo.gl/fbAQLP

exports[`Home Page should show error 1`] = `
<div
  className="columns"
>
  <div>
    <Connect(FilterBar)
      onFilterChange={[Function]}
    />
  </div>
  <div>
    <div
      className="title"
    >
      <h4>
        Your fans
      </h4>
    </div>
    <div
      className="tabs"
    >
      <Tabs
        location={Object {}}
      />
    </div>
  </div>
</div>
`;

exports[`Home Page should show loading 1`] = `
<div
  className="columns"
>
  <div>
    <Connect(FilterBar)
      onFilterChange={[Function]}
    />
  </div>
  <div>
    <div
      className="title"
    >
      <h4>
        Your fans
      </h4>
    </div>
    <div
      className="tabs"
    >
      <Tabs
        location={Object {}}
      />
    </div>
  </div>
</div>
`;
